// Jest Snapshot v1, https://goo.gl/fbAQLP

exports[`App should match its snapshot 1`] = `
<Fragment>
  <Overview />
  <section
    className="col-center"
  >
    <RelatedAndOutfits />
  </section>
</Fragment>
`;
