// Jest Snapshot v1, https://goo.gl/fbAQLP

exports[`createComparisons and createRows should match its snapshot 1`] = `undefined`;
