// Jest Snapshot v1, https://goo.gl/fbAQLP

exports[`RelatedItems should match its snapshot 1`] = `
<Provider
  store={
    Object {
      "clearActions": [Function],
      "dispatch": [Function],
      "getActions": [Function],
      "getState": [Function],
      "replaceReducer": [Function],
      "subscribe": [Function],
    }
  }
>
  <RelatedItems
    handleComparingToggle={[Function]}
    products={
      Object {
        "11003": Object {
          "avgRating": "85%",
          "category": "pants",
          "defaultPrice": "40.00",
          "description": "Whether you're a morning person or not.  Whether you're gym bound or not.  Everyone looks good in joggers.",
          "features": Array [
            Object {
              "feature": "Fabric",
              "value": "100% Cotton",
            },
            Object {
              "feature": "Cut",
              "value": "Skinny",
            },
          ],
          "id": 11003,
          "name": "Morning Joggers",
          "relatedItemsIds": Array [
            11005,
            11009,
            11007,
            11002,
            11001,
          ],
          "slogan": "Make yourself a morning person",
          "styleList": Array [
            Object {
              "default?": true,
              "name": "Black",
              "original_price": "40.00",
              "photos": Array [
                Object {
                  "thumbnail_url": "https://images.unsplash.com/photo-1552902865-b72c031ac5ea?ixlib=rb-1.2.1&ixid=eyJhcHBfaWQiOjEyMDd9&auto=format&fit=crop&w=300&q=80",
                  "url": "https://images.unsplash.com/photo-1552902865-b72c031ac5ea?ixlib=rb-1.2.1&ixid=eyJhcHBfaWQiOjEyMDd9&auto=format&fit=crop&w=668&q=80",
                },
                Object {
                  "thumbnail_url": "https://images.unsplash.com/photo-1492447105260-2e947425b5cc?ixlib=rb-1.2.1&ixid=eyJhcHBfaWQiOjEyMDd9&auto=format&fit=crop&w=300&q=80",
                  "url": "https://images.unsplash.com/photo-1492447105260-2e947425b5cc?ixlib=rb-1.2.1&ixid=eyJhcHBfaWQiOjEyMDd9&auto=format&fit=crop&w=1650&q=80",
                },
                Object {
                  "thumbnail_url": "https://images.unsplash.com/photo-1548133464-29abc661eb5c?ixlib=rb-1.2.1&ixid=eyJhcHBfaWQiOjEyMDd9&auto=format&fit=crop&w=300&q=80",
                  "url": "https://images.unsplash.com/photo-1548133464-29abc661eb5c?ixlib=rb-1.2.1&ixid=eyJhcHBfaWQiOjEyMDd9&auto=format&fit=crop&w=668&q=80",
                },
                Object {
                  "thumbnail_url": "https://images.unsplash.com/photo-1500340520802-1687634cbe38?ixlib=rb-1.2.1&ixid=eyJhcHBfaWQiOjEyMDd9&auto=format&fit=crop&w=300&q=80",
                  "url": "https://images.unsplash.com/photo-1500340520802-1687634cbe38?ixlib=rb-1.2.1&ixid=eyJhcHBfaWQiOjEyMDd9&auto=format&fit=crop&w=668&q=80",
                },
                Object {
                  "thumbnail_url": "https://images.unsplash.com/photo-1559304022-afbf28f53c4d?ixlib=rb-1.2.1&ixid=eyJhcHBfaWQiOjEyMDd9&auto=format&fit=crop&w=300&q=80",
                  "url": "https://images.unsplash.com/photo-1559304022-afbf28f53c4d?ixlib=rb-1.2.1&ixid=eyJhcHBfaWQiOjEyMDd9&auto=format&fit=crop&w=1656&q=80",
                },
                Object {
                  "thumbnail_url": "https://images.unsplash.com/photo-1554921148-83d8ceda2095?ixlib=rb-1.2.1&ixid=eyJhcHBfaWQiOjEyMDd9&auto=format&fit=crop&w=300&q=80",
                  "url": "https://images.unsplash.com/photo-1554921148-83d8ceda2095?ixlib=rb-1.2.1&ixid=eyJhcHBfaWQiOjEyMDd9&auto=format&fit=crop&w=668&q=80",
                },
              ],
              "sale_price": null,
              "skus": Object {
                "295444": Object {
                  "quantity": 8,
                  "size": "XS",
                },
                "295445": Object {
                  "quantity": 16,
                  "size": "S",
                },
                "295446": Object {
                  "quantity": 17,
                  "size": "M",
                },
                "295447": Object {
                  "quantity": 10,
                  "size": "L",
                },
                "295448": Object {
                  "quantity": 15,
                  "size": "XL",
                },
                "295449": Object {
                  "quantity": 6,
                  "size": "XXL",
                },
              },
              "style_id": 51168,
            },
            Object {
              "default?": false,
              "name": "Grey",
              "original_price": "40.00",
              "photos": Array [
                Object {
                  "thumbnail_url": "https://images.unsplash.com/photo-1562542082-519ebcdb43e6?ixlib=rb-1.2.1&ixid=eyJhcHBfaWQiOjEyMDd9&auto=format&fit=crop&w=300&q=80",
                  "url": "https://images.unsplash.com/photo-1562542082-519ebcdb43e6?ixlib=rb-1.2.1&ixid=eyJhcHBfaWQiOjEyMDd9&auto=format&fit=crop&w=2057&q=80",
                },
                Object {
                  "thumbnail_url": "https://images.unsplash.com/photo-1562542132-8555e1b583f3?ixlib=rb-1.2.1&auto=format&fit=crop&w=300&q=80",
                  "url": "https://images.unsplash.com/photo-1562542132-8555e1b583f3?ixlib=rb-1.2.1&auto=format&fit=crop&w=2057&q=80",
                },
                Object {
                  "thumbnail_url": "https://images.unsplash.com/photo-1562542096-218d8f9760bc?ixlib=rb-1.2.1&auto=format&fit=crop&w=300&q=80",
                  "url": "https://images.unsplash.com/photo-1562542096-218d8f9760bc?ixlib=rb-1.2.1&auto=format&fit=crop&w=2057&q=80",
                },
                Object {
                  "thumbnail_url": "https://images.unsplash.com/photo-1562542119-19d015b93c45?ixlib=rb-1.2.1&ixid=eyJhcHBfaWQiOjEyMDd9&auto=format&fit=crop&w=300&q=80",
                  "url": "https://images.unsplash.com/photo-1562542119-19d015b93c45?ixlib=rb-1.2.1&ixid=eyJhcHBfaWQiOjEyMDd9&auto=format&fit=crop&w=2057&q=80",
                },
                Object {
                  "thumbnail_url": "https://images.unsplash.com/photo-1516684810863-e49c82f1f092?ixlib=rb-1.2.1&ixid=eyJhcHBfaWQiOjEyMDd9&auto=format&fit=crop&w=300&q=80",
                  "url": "https://images.unsplash.com/photo-1516684810863-e49c82f1f092?ixlib=rb-1.2.1&ixid=eyJhcHBfaWQiOjEyMDd9&auto=format&fit=crop&w=965&q=80",
                },
                Object {
                  "thumbnail_url": "https://images.unsplash.com/photo-1490427712608-588e68359dbd?ixlib=rb-1.2.1&ixid=eyJhcHBfaWQiOjEyMDd9&auto=format&fit=crop&w=300&q=80",
                  "url": "https://images.unsplash.com/photo-1490427712608-588e68359dbd?ixlib=rb-1.2.1&ixid=eyJhcHBfaWQiOjEyMDd9&auto=format&fit=crop&w=1650&q=80",
                },
              ],
              "sale_price": null,
              "skus": Object {
                "295450": Object {
                  "quantity": 8,
                  "size": "XS",
                },
                "295451": Object {
                  "quantity": 16,
                  "size": "S",
                },
                "295452": Object {
                  "quantity": 17,
                  "size": "M",
                },
                "295453": Object {
                  "quantity": 10,
                  "size": "L",
                },
                "295454": Object {
                  "quantity": 15,
                  "size": "XL",
                },
                "295455": Object {
                  "quantity": 6,
                  "size": "XXL",
                },
              },
              "style_id": 51169,
            },
            Object {
              "default?": false,
              "name": "Goldenrod",
              "original_price": "40.00",
              "photos": Array [
                Object {
                  "thumbnail_url": "https://images.unsplash.com/photo-1530073391204-7b34a1497281?ixlib=rb-1.2.1&ixid=eyJhcHBfaWQiOjEyMDd9&auto=format&fit=crop&w=300&q=80",
                  "url": "https://images.unsplash.com/photo-1530073391204-7b34a1497281?ixlib=rb-1.2.1&ixid=eyJhcHBfaWQiOjEyMDd9&auto=format&fit=crop&w=1650&q=80",
                },
                Object {
                  "thumbnail_url": "https://images.unsplash.com/photo-1482876555840-f31c5ebbff1c?ixlib=rb-1.2.1&ixid=eyJhcHBfaWQiOjEyMDd9&auto=format&fit=crop&w=300&q=80",
                  "url": "https://images.unsplash.com/photo-1482876555840-f31c5ebbff1c?ixlib=rb-1.2.1&ixid=eyJhcHBfaWQiOjEyMDd9&auto=format&fit=crop&w=1651&q=80",
                },
                Object {
                  "thumbnail_url": "https://images.unsplash.com/photo-1426647451887-5f2be01918a9?ixlib=rb-1.2.1&auto=format&fit=crop&w=300&q=80",
                  "url": "https://images.unsplash.com/photo-1426647451887-5f2be01918a9?ixlib=rb-1.2.1&auto=format&fit=crop&w=1650&q=80",
                },
                Object {
                  "thumbnail_url": "https://images.unsplash.com/photo-1517438476312-10d79c077509?ixlib=rb-1.2.1&ixid=eyJhcHBfaWQiOjEyMDd9&auto=format&fit=crop&w=300&q=80",
                  "url": "https://images.unsplash.com/photo-1517438476312-10d79c077509?ixlib=rb-1.2.1&ixid=eyJhcHBfaWQiOjEyMDd9&auto=format&fit=crop&w=668&q=80",
                },
                Object {
                  "thumbnail_url": "https://images.unsplash.com/photo-1485646979142-d4abb57a876f?ixlib=rb-1.2.1&ixid=eyJhcHBfaWQiOjEyMDd9&auto=format&fit=crop&w=300&q=80",
                  "url": "https://images.unsplash.com/photo-1485646979142-d4abb57a876f?ixlib=rb-1.2.1&ixid=eyJhcHBfaWQiOjEyMDd9&auto=format&fit=crop&w=2089&q=80",
                },
                Object {
                  "thumbnail_url": "https://images.unsplash.com/photo-1515886657613-9f3515b0c78f?ixlib=rb-1.2.1&ixid=eyJhcHBfaWQiOjEyMDd9&auto=format&fit=crop&w=300&q=80",
                  "url": "https://images.unsplash.com/photo-1515886657613-9f3515b0c78f?ixlib=rb-1.2.1&ixid=eyJhcHBfaWQiOjEyMDd9&auto=format&fit=crop&w=962&q=80",
                },
              ],
              "sale_price": "35.00",
              "skus": Object {
                "295456": Object {
                  "quantity": 8,
                  "size": "XS",
                },
                "295457": Object {
                  "quantity": 16,
                  "size": "S",
                },
                "295458": Object {
                  "quantity": 17,
                  "size": "M",
                },
                "295459": Object {
                  "quantity": 10,
                  "size": "L",
                },
                "295460": Object {
                  "quantity": 15,
                  "size": "XL",
                },
                "295461": Object {
                  "quantity": 6,
                  "size": "XXL",
                },
              },
              "style_id": 51170,
            },
            Object {
              "default?": false,
              "name": "Maroon",
              "original_price": "40.00",
              "photos": Array [
                Object {
                  "thumbnail_url": "https://images.unsplash.com/photo-1519857609704-61e751edba25?ixlib=rb-1.2.1&ixid=eyJhcHBfaWQiOjEyMDd9&auto=format&fit=crop&w=300&q=80",
                  "url": "https://images.unsplash.com/photo-1519857609704-61e751edba25?ixlib=rb-1.2.1&ixid=eyJhcHBfaWQiOjEyMDd9&auto=format&fit=crop&w=668&q=80",
                },
                Object {
                  "thumbnail_url": "https://images.unsplash.com/photo-1499714832275-d6205d94c35d?ixlib=rb-1.2.1&ixid=eyJhcHBfaWQiOjEyMDd9&auto=format&fit=crop&w=300&q=80",
                  "url": "https://images.unsplash.com/photo-1499714832275-d6205d94c35d?ixlib=rb-1.2.1&ixid=eyJhcHBfaWQiOjEyMDd9&auto=format&fit=crop&w=668&q=80",
                },
                Object {
                  "thumbnail_url": "https://images.unsplash.com/photo-1532244769164-ff64ddeefa45?ixlib=rb-1.2.1&ixid=eyJhcHBfaWQiOjEyMDd9&auto=format&fit=crop&w=300&q=80",
                  "url": "https://images.unsplash.com/photo-1532244769164-ff64ddeefa45?ixlib=rb-1.2.1&ixid=eyJhcHBfaWQiOjEyMDd9&auto=format&fit=crop&w=1650&q=80",
                },
                Object {
                  "thumbnail_url": "https://images.unsplash.com/photo-1549540806-76ce9007b674?ixlib=rb-1.2.1&ixid=eyJhcHBfaWQiOjEyMDd9&auto=format&fit=crop&w=300&q=80",
                  "url": "https://images.unsplash.com/photo-1549540806-76ce9007b674?ixlib=rb-1.2.1&ixid=eyJhcHBfaWQiOjEyMDd9&auto=format&fit=crop&w=1650&q=80",
                },
                Object {
                  "thumbnail_url": "https://images.unsplash.com/photo-1554136920-a1df2909d8f2?ixlib=rb-1.2.1&ixid=eyJhcHBfaWQiOjEyMDd9&auto=format&fit=crop&w=300&q=80",
                  "url": "https://images.unsplash.com/photo-1554136920-a1df2909d8f2?ixlib=rb-1.2.1&ixid=eyJhcHBfaWQiOjEyMDd9&auto=format&fit=crop&w=1000&q=80",
                },
                Object {
                  "thumbnail_url": "https://images.unsplash.com/photo-1541214880206-03318856c6c9?ixlib=rb-1.2.1&ixid=eyJhcHBfaWQiOjEyMDd9&auto=format&fit=crop&w=300&q=80",
                  "url": "https://images.unsplash.com/photo-1541214880206-03318856c6c9?ixlib=rb-1.2.1&ixid=eyJhcHBfaWQiOjEyMDd9&auto=format&fit=crop&w=668&q=80",
                },
              ],
              "sale_price": "35.00",
              "skus": Object {
                "295462": Object {
                  "quantity": 8,
                  "size": "XS",
                },
                "295463": Object {
                  "quantity": 16,
                  "size": "S",
                },
                "295464": Object {
                  "quantity": 17,
                  "size": "M",
                },
                "295465": Object {
                  "quantity": 10,
                  "size": "L",
                },
                "295466": Object {
                  "quantity": 15,
                  "size": "XL",
                },
                "295467": Object {
                  "quantity": 6,
                  "size": "XXL",
                },
              },
              "style_id": 51171,
            },
            Object {
              "default?": false,
              "name": "Chartreuse",
              "original_price": "40.00",
              "photos": Array [
                Object {
                  "thumbnail_url": "https://images.unsplash.com/photo-1530073391204-7b34a1497281?ixlib=rb-1.2.1&ixid=eyJhcHBfaWQiOjEyMDd9&auto=format&fit=crop&w=300&q=80",
                  "url": "https://images.unsplash.com/photo-1530073391204-7b34a1497281?ixlib=rb-1.2.1&ixid=eyJhcHBfaWQiOjEyMDd9&auto=format&fit=crop&w=1650&q=80",
                },
                Object {
                  "thumbnail_url": "https://images.unsplash.com/photo-1482876555840-f31c5ebbff1c?ixlib=rb-1.2.1&ixid=eyJhcHBfaWQiOjEyMDd9&auto=format&fit=crop&w=300&q=80",
                  "url": "https://images.unsplash.com/photo-1482876555840-f31c5ebbff1c?ixlib=rb-1.2.1&ixid=eyJhcHBfaWQiOjEyMDd9&auto=format&fit=crop&w=1651&q=80",
                },
                Object {
                  "thumbnail_url": "https://images.unsplash.com/photo-1426647451887-5f2be01918a9?ixlib=rb-1.2.1&auto=format&fit=crop&w=300&q=80",
                  "url": "https://images.unsplash.com/photo-1426647451887-5f2be01918a9?ixlib=rb-1.2.1&auto=format&fit=crop&w=1650&q=80",
                },
                Object {
                  "thumbnail_url": "https://images.unsplash.com/photo-1517438476312-10d79c077509?ixlib=rb-1.2.1&ixid=eyJhcHBfaWQiOjEyMDd9&auto=format&fit=crop&w=300&q=80",
                  "url": "https://images.unsplash.com/photo-1517438476312-10d79c077509?ixlib=rb-1.2.1&ixid=eyJhcHBfaWQiOjEyMDd9&auto=format&fit=crop&w=668&q=80",
                },
                Object {
                  "thumbnail_url": "https://images.unsplash.com/photo-1485646979142-d4abb57a876f?ixlib=rb-1.2.1&ixid=eyJhcHBfaWQiOjEyMDd9&auto=format&fit=crop&w=300&q=80",
                  "url": "https://images.unsplash.com/photo-1485646979142-d4abb57a876f?ixlib=rb-1.2.1&ixid=eyJhcHBfaWQiOjEyMDd9&auto=format&fit=crop&w=2089&q=80",
                },
                Object {
                  "thumbnail_url": "https://images.unsplash.com/photo-1515886657613-9f3515b0c78f?ixlib=rb-1.2.1&ixid=eyJhcHBfaWQiOjEyMDd9&auto=format&fit=crop&w=300&q=80",
                  "url": "https://images.unsplash.com/photo-1515886657613-9f3515b0c78f?ixlib=rb-1.2.1&ixid=eyJhcHBfaWQiOjEyMDd9&auto=format&fit=crop&w=962&q=80",
                },
              ],
              "sale_price": "25.00",
              "skus": Object {
                "295468": Object {
                  "quantity": 8,
                  "size": "XS",
                },
                "295469": Object {
                  "quantity": 16,
                  "size": "S",
                },
                "295470": Object {
                  "quantity": 17,
                  "size": "M",
                },
                "295471": Object {
                  "quantity": 10,
                  "size": "L",
                },
                "295472": Object {
                  "quantity": 15,
                  "size": "XL",
                },
                "295473": Object {
                  "quantity": 6,
                  "size": "XXL",
                },
              },
              "style_id": 51172,
            },
            Object {
              "default?": false,
              "name": "White",
              "original_price": "40.00",
              "photos": Array [
                Object {
                  "thumbnail_url": "https://images.unsplash.com/photo-1510390099355-23e690d8129d?ixlib=rb-1.2.1&ixid=eyJhcHBfaWQiOjEyMDd9&auto=format&fit=crop&w=300&q=80",
                  "url": "https://images.unsplash.com/photo-1510390099355-23e690d8129d?ixlib=rb-1.2.1&ixid=eyJhcHBfaWQiOjEyMDd9&auto=format&fit=crop&w=1650&q=80",
                },
                Object {
                  "thumbnail_url": "https://images.unsplash.com/photo-1547257965-087be799b084?ixlib=rb-1.2.1&ixid=eyJhcHBfaWQiOjEyMDd9&auto=format&fit=crop&w=300&q=80",
                  "url": "https://images.unsplash.com/photo-1547257965-087be799b084?ixlib=rb-1.2.1&ixid=eyJhcHBfaWQiOjEyMDd9&auto=format&fit=crop&w=668&q=80",
                },
                Object {
                  "thumbnail_url": "https://images.unsplash.com/photo-1510217167326-549ae78e4738?ixlib=rb-1.2.1&auto=format&fit=crop&w=300&q=80",
                  "url": "https://images.unsplash.com/photo-1510217167326-549ae78e4738?ixlib=rb-1.2.1&auto=format&fit=crop&w=668&q=80",
                },
                Object {
                  "thumbnail_url": "https://images.unsplash.com/photo-1470282312847-28b943046dc1?ixlib=rb-1.2.1&ixid=eyJhcHBfaWQiOjEyMDd9&auto=format&fit=crop&w=300&q=80",
                  "url": "https://images.unsplash.com/photo-1470282312847-28b943046dc1?ixlib=rb-1.2.1&ixid=eyJhcHBfaWQiOjEyMDd9&auto=format&fit=crop&w=1652&q=80",
                },
                Object {
                  "thumbnail_url": "https://images.unsplash.com/photo-1552904219-f4b87efe8792?ixlib=rb-1.2.1&ixid=eyJhcHBfaWQiOjEyMDd9&auto=format&fit=crop&w=300&q=80",
                  "url": "https://images.unsplash.com/photo-1552904219-f4b87efe8792?ixlib=rb-1.2.1&ixid=eyJhcHBfaWQiOjEyMDd9&auto=format&fit=crop&w=666&q=80",
                },
                Object {
                  "thumbnail_url": "https://images.unsplash.com/photo-1519241978701-4302ab53de1b?ixlib=rb-1.2.1&ixid=eyJhcHBfaWQiOjEyMDd9&auto=format&fit=crop&w=300&q=80",
                  "url": "https://images.unsplash.com/photo-1519241978701-4302ab53de1b?ixlib=rb-1.2.1&ixid=eyJhcHBfaWQiOjEyMDd9&auto=format&fit=crop&w=1000&q=80",
                },
              ],
              "sale_price": null,
              "skus": Object {
                "295474": Object {
                  "quantity": 8,
                  "size": "XS",
                },
                "295475": Object {
                  "quantity": 16,
                  "size": "S",
                },
                "295476": Object {
                  "quantity": 17,
                  "size": "M",
                },
                "295477": Object {
                  "quantity": 10,
                  "size": "L",
                },
                "295478": Object {
                  "quantity": 15,
                  "size": "XL",
                },
                "295479": Object {
                  "quantity": 6,
                  "size": "XXL",
                },
              },
              "style_id": 51173,
            },
          ],
        },
      }
    }
    relatedProductsIds={
      Array [
        11005,
        11009,
        11007,
        11002,
        11001,
      ]
    }
    setShowModal={[Function]}
    setToggleComparing={[Function]}
  >
    <div
      className="horizontal-container"
      id="related-items-container"
    >
      <RightArrow
        onClick={[Function]}
      >
        <div
          className="arrow-right-container light-arrow-background-right"
          id="right-arrow"
          onClick={[Function]}
        >
          <FiChevronRight
            className="arrow-right"
          >
            <IconBase
              attr={
                Object {
                  "fill": "none",
                  "stroke": "currentColor",
                  "strokeLinecap": "round",
                  "strokeLinejoin": "round",
                  "strokeWidth": "2",
                  "viewBox": "0 0 24 24",
                }
              }
              className="arrow-right"
            >
              <svg
                className="arrow-right"
                fill="none"
                height="1em"
                stroke="currentColor"
                strokeLinecap="round"
                strokeLinejoin="round"
                strokeWidth="2"
                style={
                  Object {
                    "color": undefined,
                  }
                }
                viewBox="0 0 24 24"
                width="1em"
                xmlns="http://www.w3.org/2000/svg"
              >
                <polyline
                  key="0"
                  points="9 18 15 12 9 6"
                />
              </svg>
            </IconBase>
          </FiChevronRight>
        </div>
      </RightArrow>
    </div>
  </RelatedItems>
</Provider>
`;
