// Jest Snapshot v1, https://goo.gl/fbAQLP

exports[`RightArrow should match its snapshot 1`] = `
<div
  className="arrow-right-container light-arrow-background-right"
  onClick={[Function]}
>
  <FiChevronRight
    className="arrow-right"
  />
</div>
`;
