// Jest Snapshot v1, https://goo.gl/fbAQLP

exports[`Rows should match its snapshot 1`] = `
<Fragment>
  <tr
    className="compared-row"
    key="Fabric"
  >
    <td
      className="modal-left"
    >
      100% Cotton
    </td>
    <td
      className="modal-center"
    >
      Fabric
    </td>
    <td
      className="modal-right"
    />
  </tr>
  <tr
    className="compared-row"
    key="Cut"
  >
    <td
      className="modal-left"
    >
      Skinny
    </td>
    <td
      className="modal-center"
    >
      Cut
    </td>
    <td
      className="modal-right"
    />
  </tr>
  <tr
    className="compared-row"
    key="Sole"
  >
    <td
      className="modal-left"
    />
    <td
      className="modal-center"
    >
      Sole
    </td>
    <td
      className="modal-right"
    >
      Rubber
    </td>
  </tr>
  <tr
    className="compared-row"
    key="Material"
  >
    <td
      className="modal-left"
    />
    <td
      className="modal-center"
    >
      Material
    </td>
    <td
      className="modal-right"
    >
      FullControlSkin
    </td>
  </tr>
  <tr
    className="compared-row"
    key="Mid-Sole"
  >
    <td
      className="modal-left"
    />
    <td
      className="modal-center"
    >
      Mid-Sole
    </td>
    <td
      className="modal-right"
    >
      ControlSupport Arch Bâ€¦
    </td>
  </tr>
  <tr
    className="compared-row"
    key="Stitching"
  >
    <td
      className="modal-left"
    />
    <td
      className="modal-center"
    >
      Stitching
    </td>
    <td
      className="modal-right"
    >
      Double Stitch
    </td>
  </tr>
</Fragment>
`;
